2026-04-08 12:20:52,706 INFO    MainThread:6552 [wandb_setup.py:_flush():79] Current SDK version is 0.18.7
2026-04-08 12:20:52,706 INFO    MainThread:6552 [wandb_setup.py:_flush():79] Configure stats pid to 6552
2026-04-08 12:20:52,706 INFO    MainThread:6552 [wandb_setup.py:_flush():79] Loading settings from C:\Users\piljo\.config\wandb\settings
2026-04-08 12:20:52,706 INFO    MainThread:6552 [wandb_setup.py:_flush():79] Loading settings from C:\Users\piljo\Github\spatial_ml\wandb\settings
2026-04-08 12:20:52,706 INFO    MainThread:6552 [wandb_setup.py:_flush():79] Loading settings from environment variables: {'api_key': '***REDACTED***'}
2026-04-08 12:20:52,706 INFO    MainThread:6552 [wandb_setup.py:_flush():79] Applying setup settings: {'mode': None, '_disable_service': None}
2026-04-08 12:20:52,707 WARNING MainThread:6552 [wandb_setup.py:_flush():79] Could not find program at -m model.zone_segmentation.train
2026-04-08 12:20:52,707 INFO    MainThread:6552 [wandb_setup.py:_flush():79] Inferring run settings from compute environment: {'program_relpath': None, 'program': '-m model.zone_segmentation.train'}
2026-04-08 12:20:52,707 INFO    MainThread:6552 [wandb_setup.py:_flush():79] Applying login settings: {}
2026-04-08 12:20:52,707 INFO    MainThread:6552 [wandb_init.py:_log_setup():533] Logging user logs to C:\Users\piljo\Github\spatial_ml\wandb\run-20260408_122052-73dav69f\logs\debug.log
2026-04-08 12:20:52,707 INFO    MainThread:6552 [wandb_init.py:_log_setup():534] Logging internal logs to C:\Users\piljo\Github\spatial_ml\wandb\run-20260408_122052-73dav69f\logs\debug-internal.log
2026-04-08 12:20:52,707 INFO    MainThread:6552 [wandb_init.py:init():619] calling init triggers
2026-04-08 12:20:52,707 INFO    MainThread:6552 [wandb_init.py:init():626] wandb.init called with sweep_config: {}
config: {'model': 'PatternConditionedUNet', 'epochs': 1, 'batch_size': 32, 'learning_rate': 0.0001, 'weight_decay': 0.0001, 'grad_clip': 1.0, 'amp': True, 'device': 'cuda', 'train_size': 215649, 'val_size': 30928, 'n_params_m': 26.516801, 'image_size': 256}
2026-04-08 12:20:52,707 INFO    MainThread:6552 [wandb_init.py:init():669] starting backend
2026-04-08 12:20:52,707 INFO    MainThread:6552 [wandb_init.py:init():673] sending inform_init request
2026-04-08 12:20:52,710 INFO    MainThread:6552 [backend.py:_multiprocessing_setup():104] multiprocessing start_methods=spawn, using: spawn
2026-04-08 12:20:52,710 INFO    MainThread:6552 [wandb_init.py:init():686] backend started and connected
2026-04-08 12:20:52,714 INFO    MainThread:6552 [wandb_init.py:init():781] updated telemetry
2026-04-08 12:20:52,751 INFO    MainThread:6552 [wandb_init.py:init():814] communicating run to backend with 90.0 second timeout
2026-04-08 12:20:53,716 INFO    MainThread:6552 [wandb_init.py:init():867] starting run threads in backend
2026-04-08 12:20:54,224 INFO    MainThread:6552 [wandb_run.py:_console_start():2456] atexit reg
2026-04-08 12:20:54,224 INFO    MainThread:6552 [wandb_run.py:_redirect():2305] redirect: wrap_raw
2026-04-08 12:20:54,225 INFO    MainThread:6552 [wandb_run.py:_redirect():2370] Wrapping output streams.
2026-04-08 12:20:54,225 INFO    MainThread:6552 [wandb_run.py:_redirect():2395] Redirects installed.
2026-04-08 12:20:54,232 INFO    MainThread:6552 [wandb_init.py:init():911] run started, returning control to user process
