2026-04-10 21:48:35,530 INFO    MainThread:23164 [wandb_setup.py:_flush():79] Current SDK version is 0.18.7
2026-04-10 21:48:35,530 INFO    MainThread:23164 [wandb_setup.py:_flush():79] Configure stats pid to 23164
2026-04-10 21:48:35,530 INFO    MainThread:23164 [wandb_setup.py:_flush():79] Loading settings from C:\Users\piljo\.config\wandb\settings
2026-04-10 21:48:35,530 INFO    MainThread:23164 [wandb_setup.py:_flush():79] Loading settings from C:\Users\piljo\Github\spatial_ml\wandb\settings
2026-04-10 21:48:35,530 INFO    MainThread:23164 [wandb_setup.py:_flush():79] Loading settings from environment variables: {'api_key': '***REDACTED***'}
2026-04-10 21:48:35,530 INFO    MainThread:23164 [wandb_setup.py:_flush():79] Applying setup settings: {'mode': None, '_disable_service': None}
2026-04-10 21:48:35,530 WARNING MainThread:23164 [wandb_setup.py:_flush():79] Could not find program at -m model.zone_segmentation.train
2026-04-10 21:48:35,530 INFO    MainThread:23164 [wandb_setup.py:_flush():79] Inferring run settings from compute environment: {'program_relpath': None, 'program': '-m model.zone_segmentation.train'}
2026-04-10 21:48:35,530 INFO    MainThread:23164 [wandb_setup.py:_flush():79] Applying login settings: {}
2026-04-10 21:48:35,531 INFO    MainThread:23164 [wandb_init.py:_log_setup():533] Logging user logs to C:\Users\piljo\Github\spatial_ml\wandb\run-20260410_214835-tlnqzpi6\logs\debug.log
2026-04-10 21:48:35,531 INFO    MainThread:23164 [wandb_init.py:_log_setup():534] Logging internal logs to C:\Users\piljo\Github\spatial_ml\wandb\run-20260410_214835-tlnqzpi6\logs\debug-internal.log
2026-04-10 21:48:35,531 INFO    MainThread:23164 [wandb_init.py:init():619] calling init triggers
2026-04-10 21:48:35,531 INFO    MainThread:23164 [wandb_init.py:init():626] wandb.init called with sweep_config: {}
config: {'model': 'PatternConditionedUNet', 'epochs': 15, 'batch_size': None, 'learning_rate': 0.0001, 'weight_decay': 0.0001, 'grad_clip': 1.0, 'amp': True, 'device': 'cuda', 'train_size': 164313, 'val_size': 82264, 'n_params_m': 26.516801, 'image_size': 256}
2026-04-10 21:48:35,531 INFO    MainThread:23164 [wandb_init.py:init():669] starting backend
2026-04-10 21:48:35,531 INFO    MainThread:23164 [wandb_init.py:init():673] sending inform_init request
2026-04-10 21:48:35,533 INFO    MainThread:23164 [backend.py:_multiprocessing_setup():104] multiprocessing start_methods=spawn, using: spawn
2026-04-10 21:48:35,533 INFO    MainThread:23164 [wandb_init.py:init():686] backend started and connected
2026-04-10 21:48:35,537 INFO    MainThread:23164 [wandb_init.py:init():781] updated telemetry
2026-04-10 21:48:35,571 INFO    MainThread:23164 [wandb_init.py:init():814] communicating run to backend with 90.0 second timeout
2026-04-10 21:48:36,342 INFO    MainThread:23164 [wandb_init.py:init():867] starting run threads in backend
2026-04-10 21:48:36,903 INFO    MainThread:23164 [wandb_run.py:_console_start():2456] atexit reg
2026-04-10 21:48:36,903 INFO    MainThread:23164 [wandb_run.py:_redirect():2305] redirect: wrap_raw
2026-04-10 21:48:36,903 INFO    MainThread:23164 [wandb_run.py:_redirect():2370] Wrapping output streams.
2026-04-10 21:48:36,903 INFO    MainThread:23164 [wandb_run.py:_redirect():2395] Redirects installed.
2026-04-10 21:48:36,918 INFO    MainThread:23164 [wandb_init.py:init():911] run started, returning control to user process
2026-04-12 00:18:09,159 INFO    MainThread:23164 [wandb_run.py:_finish():2155] finishing run hunkim98-harvard/spatially-zone-segmentation/tlnqzpi6
2026-04-12 00:18:09,160 INFO    MainThread:23164 [wandb_run.py:_atexit_cleanup():2420] got exitcode: 0
2026-04-12 00:18:09,160 INFO    MainThread:23164 [wandb_run.py:_restore():2402] restore
2026-04-12 00:18:09,160 INFO    MainThread:23164 [wandb_run.py:_restore():2408] restore done
2026-04-12 00:18:17,625 INFO    MainThread:23164 [wandb_run.py:_footer_history_summary_info():3960] rendering history
2026-04-12 00:18:17,626 INFO    MainThread:23164 [wandb_run.py:_footer_history_summary_info():3992] rendering summary
2026-04-12 00:18:17,631 INFO    MainThread:23164 [wandb_run.py:_footer_sync_info():3921] logging synced files
