2026-04-12 18:03:41,863 INFO W&B run started: unet-context-e40-bsNone-20260412-180340 (project=spatially-zone-segmentation)
2026-04-12 18:03:41,863 INFO Training (context-aware): 40 epochs, 3482 train batches, 41132 val batches, amp=True, wandb=True
2026-04-12 18:03:55,510 INFO Epoch 1 [0/3482] loss=0.7694
2026-04-12 18:04:04,033 INFO Epoch 1 [10/3482] loss=0.8297
2026-04-12 18:04:12,577 INFO Epoch 1 [20/3482] loss=0.8565
2026-04-12 18:04:21,125 INFO Epoch 1 [30/3482] loss=0.7302
2026-04-12 18:04:29,675 INFO Epoch 1 [40/3482] loss=0.8607
2026-04-12 18:04:38,227 INFO Epoch 1 [50/3482] loss=0.8734
2026-04-12 18:04:46,777 INFO Epoch 1 [60/3482] loss=0.4891
2026-04-12 18:04:55,369 INFO Epoch 1 [70/3482] loss=0.6939
2026-04-12 18:05:03,961 INFO Epoch 1 [80/3482] loss=0.8143
2026-04-12 18:05:12,553 INFO Epoch 1 [90/3482] loss=0.8520
Traceback (most recent call last):
  File "<frozen runpy>", line 198, in _run_module_as_main
  File "<frozen runpy>", line 88, in _run_code
  File "C:\Users\piljo\Github\spatial_ml\model\zone_segmentation\scripts\train_loam_context.py", line 140, in <module>
    main()
  File "C:\Users\piljo\Github\spatial_ml\model\zone_segmentation\scripts\train_loam_context.py", line 129, in main
    trainer.train()
  File "C:\Users\piljo\Github\spatial_ml\model\zone_segmentation\trainer_context.py", line 276, in train
    train_metrics = self.train_one_epoch(epoch)
                    ^^^^^^^^^^^^^^^^^^^^^^^^^^^
  File "C:\Users\piljo\Github\spatial_ml\model\zone_segmentation\trainer_context.py", line 192, in train_one_epoch
    self.scaler.step(self.optimizer)
  File "C:\Users\piljo\Github\spatial_ml\.venv\Lib\site-packages\torch\amp\grad_scaler.py", line 457, in step
    retval = self._maybe_opt_step(optimizer, optimizer_state, *args, **kwargs)
             ^^^^^^^^^^^^^^^^^^^^^^^^^^^^^^^^^^^^^^^^^^^^^^^^^^^^^^^^^^^^^^^^^
  File "C:\Users\piljo\Github\spatial_ml\.venv\Lib\site-packages\torch\amp\grad_scaler.py", line 351, in _maybe_opt_step
    if not sum(v.item() for v in optimizer_state["found_inf_per_device"].values()):
           ^^^^^^^^^^^^^^^^^^^^^^^^^^^^^^^^^^^^^^^^^^^^^^^^^^^^^^^^^^^^^^^^^^^^^^^
  File "C:\Users\piljo\Github\spatial_ml\.venv\Lib\site-packages\torch\amp\grad_scaler.py", line 351, in <genexpr>
    if not sum(v.item() for v in optimizer_state["found_inf_per_device"].values()):
               ^^^^^^^^
KeyboardInterrupt
