{"time":"2026-04-08T12:26:36.9184344-04:00","level":"INFO","msg":"using version","core version":"0.18.7"}
{"time":"2026-04-08T12:26:36.9184344-04:00","level":"INFO","msg":"created symlink","path":"C:\\Users\\piljo\\Github\\spatial_ml\\wandb\\run-20260408_122636-v6eded9l\\logs\\debug-core.log"}
{"time":"2026-04-08T12:26:37.0316521-04:00","level":"INFO","msg":"created new stream","id":"v6eded9l"}
{"time":"2026-04-08T12:26:37.0316521-04:00","level":"INFO","msg":"stream: started","id":"v6eded9l"}
{"time":"2026-04-08T12:26:37.0316521-04:00","level":"INFO","msg":"writer: Do: started","stream_id":"v6eded9l"}
{"time":"2026-04-08T12:26:37.0316521-04:00","level":"INFO","msg":"handler: started","stream_id":"v6eded9l"}
{"time":"2026-04-08T12:26:37.0316521-04:00","level":"INFO","msg":"sender: started","stream_id":"v6eded9l"}
{"time":"2026-04-08T12:26:37.4764794-04:00","level":"INFO","msg":"Starting system monitor"}
{"time":"2026-04-08T15:56:38.0260246-04:00","level":"INFO","msg":"api: retrying HTTP error","status":502,"url":"https://api.wandb.ai/files/hunkim98-harvard/spatially-zone-segmentation/v6eded9l/file_stream"}
{"time":"2026-04-08T19:20:27.4958968-04:00","level":"INFO","msg":"api: retrying HTTP error","status":502,"url":"https://api.wandb.ai/files/hunkim98-harvard/spatially-zone-segmentation/v6eded9l/file_stream"}
{"time":"2026-04-08T19:23:21.4144474-04:00","level":"INFO","msg":"api: retrying error","error":"Post \"https://api.wandb.ai/graphql\": net/http: request canceled (Client.Timeout exceeded while awaiting headers)"}
{"time":"2026-04-09T09:39:16.525101-04:00","level":"INFO","msg":"Stopping system monitor"}
{"time":"2026-04-09T09:39:16.5259352-04:00","level":"INFO","msg":"Stopped system monitor"}
{"time":"2026-04-09T09:39:17.5386144-04:00","level":"INFO","msg":"handler: operation stats","stats":{"operations":[{"desc":"uploading artifact zone-segmentation-model","runtime_seconds":1.016082,"subtasks":[{"desc":"best.pt","runtime_seconds":0.1164824,"progress":"1.1MB/101.3MB"}]}],"total_operations":1}}
{"time":"2026-04-09T09:39:22.2370858-04:00","level":"WARN","msg":"No program path found, not creating job artifact. See https://docs.wandb.ai/guides/launch/create-job"}
{"time":"2026-04-09T09:39:22.2370858-04:00","level":"INFO","msg":"sender: sendDefer: no job artifact to save"}
{"time":"2026-04-09T09:39:22.2886296-04:00","level":"INFO","msg":"fileTransfer: Close: file transfer manager closed"}
{"time":"2026-04-09T09:39:23.9712884-04:00","level":"INFO","msg":"stream: closing","id":"v6eded9l"}
{"time":"2026-04-09T09:39:23.9712884-04:00","level":"INFO","msg":"handler: closed","stream_id":"v6eded9l"}
{"time":"2026-04-09T09:39:23.9712884-04:00","level":"INFO","msg":"writer: Close: closed","stream_id":"v6eded9l"}
{"time":"2026-04-09T09:39:23.9712884-04:00","level":"INFO","msg":"sender: closed","stream_id":"v6eded9l"}
{"time":"2026-04-09T09:39:23.9712884-04:00","level":"INFO","msg":"stream: closed","id":"v6eded9l"}
